// Jest Snapshot v1, https://goo.gl/fbAQLP

exports[`Padding Processors should process padding correctly: padding 1`] = `
"// Generated SCSS Variables
$brand-primary: #00464a
$corner-radius-primary: 1rem
$size-null: 0rem
$border-size-primary: 0.25rem

// Generated SCSS Mixins
@mixin padding-left-right
 display: flex
 flex-direction: row
 gap: 0.5rem
 padding: 0rem 1rem
 background: #ffffff

@mixin padding-top-bottom
 display: flex
 flex-direction: row
 gap: 0.5rem
 padding: 1.5rem 0rem
 background: #ffffff

@mixin padding-top-bottom-left-right
 display: flex
 flex-direction: row
 gap: 0.5rem
 padding: 1rem
 background: #ffffff

@mixin padding-topright-bottomleft
 display: flex
 flex-direction: row
 gap: 0.5rem
 padding: 1rem 1rem 1.5rem 1.5rem
 background: #ffffff

@mixin padding-topbottom-leftright
 display: flex
 flex-direction: row
 gap: 0.5rem
 padding: 1.5rem 1rem
 background: #ffffff

@mixin padding-left-right-variable
 display: flex
 flex-direction: row
 gap: 0.5rem
 padding: $size-null $corner-radius-primary
 background: #ffffff

@mixin padding-top-bottom-variable
 display: flex
 flex-direction: row
 gap: 0.5rem
 padding: $corner-radius-primary $size-null
 background: #ffffff

@mixin padding-top-bottom-left-right-variable
 display: flex
 flex-direction: row
 gap: 0.5rem
 padding: $corner-radius-primary
 background: #ffffff

@mixin padding-topright-bottomleft-variable
 display: flex
 flex-direction: row
 gap: 0.5rem
 padding: $corner-radius-primary $corner-radius-primary $border-size-primary $border-size-primary
 background: #ffffff

@mixin padding-topbottom-leftright-variable
 display: flex
 flex-direction: row
 gap: 0.5rem
 padding: $border-size-primary $corner-radius-primary
 background: #ffffff

"
`;
